Copyright 1986-2022 Xilinx, Inc. All Rights Reserved. Copyright 2022-2023 Advanced Micro Devices, Inc. All Rights Reserved.
------------------------------------------------------------------------------------------------------------------------------------------------------------------------------
| Tool Version : Vivado v.2023.1 (win64) Build 3865809 Sun May  7 15:05:29 MDT 2023
| Date         : Mon Nov 18 08:40:33 2024
| Host         : DESKTOP-07OEL5G running 64-bit major release  (build 9200)
| Command      : report_bus_skew -warn_on_violation -file PipelineCPUTest_bus_skew_routed.rpt -pb PipelineCPUTest_bus_skew_routed.pb -rpx PipelineCPUTest_bus_skew_routed.rpx
| Design       : PipelineCPUTest
| Device       : 7a200t-fbg484
| Speed File   : -1  PRODUCTION 1.23 2018-06-13
| Design State : Routed
------------------------------------------------------------------------------------------------------------------------------------------------------------------------------

Bus Skew Report

No bus skew constraints

